2026-09-22T23:03:34.102Z hn learn 3464ms (10 candidates)
2026-09-22T23:03:36.067Z hn teach 1964ms recipe=http-html
2026-09-22T23:03:36.601Z hn A k=1 516ms items=30 browser=0 tokens=1021
2026-09-22T23:03:39.515Z hn B k=1 1904ms items=30 browser=1 tokens=0
2026-09-22T23:03:42.423Z hn B k=2 1905ms items=30 browser=1 tokens=0
2026-09-22T23:04:06.700Z hn A k=2 23221ms items=30 browser=0 tokens=1021
2026-09-22T23:04:36.573Z hn A k=3 28863ms items=30 browser=0 tokens=1021
2026-09-22T23:04:40.454Z hn B k=3 2854ms items=30 browser=1 tokens=0
2026-09-22T23:04:43.507Z hn B k=4 2050ms items=30 browser=1 tokens=0
2026-09-22T23:05:06.674Z hn A k=4 22108ms items=30 browser=0 tokens=1021
2026-09-22T23:05:36.727Z hn A k=5 29045ms items=30 browser=0 tokens=994
2026-09-22T23:05:40.322Z hn B k=5 2576ms items=30 browser=1 tokens=0
2026-09-22T23:05:43.433Z hn B k=6 2107ms items=30 browser=1 tokens=0
2026-09-22T23:06:06.760Z hn A k=6 22249ms items=30 browser=0 tokens=994
2026-09-22T23:06:36.753Z hn A k=7 28965ms items=30 browser=0 tokens=994
2026-09-22T23:06:40.517Z hn B k=7 2693ms items=30 browser=1 tokens=0
2026-09-22T23:06:43.915Z hn B k=8 2393ms items=30 browser=1 tokens=0
2026-09-22T23:07:06.730Z hn A k=8 21782ms items=30 browser=0 tokens=994
2026-09-22T23:07:36.767Z hn A k=9 29030ms items=30 browser=0 tokens=994
2026-09-22T23:07:40.229Z hn B k=9 2447ms items=30 browser=1 tokens=0
2026-09-22T23:07:43.386Z hn B k=10 2155ms items=30 browser=1 tokens=0
2026-09-22T23:08:06.631Z hn A k=10 22201ms items=30 browser=0 tokens=994
2026-09-22T23:08:36.631Z hn A k=11 28992ms items=30 browser=0 tokens=994
2026-09-22T23:08:40.336Z hn B k=11 2660ms items=30 browser=1 tokens=0
2026-09-22T23:08:43.486Z hn B k=12 2142ms items=30 browser=1 tokens=0
2026-09-22T23:09:07.018Z hn A k=12 22480ms items=30 browser=0 tokens=994
2026-09-22T23:09:36.768Z hn A k=13 28745ms items=30 browser=0 tokens=994
2026-09-22T23:09:40.464Z hn B k=13 2659ms items=30 browser=1 tokens=0
2026-09-22T23:09:43.462Z hn B k=14 1995ms items=30 browser=1 tokens=0
2026-09-22T23:10:06.716Z hn A k=14 22181ms items=30 browser=0 tokens=994
2026-09-22T23:10:36.649Z hn A k=15 28929ms items=30 browser=0 tokens=994
2026-09-22T23:10:40.107Z hn B k=15 2439ms items=30 browser=1 tokens=0
2026-09-22T23:10:43.071Z hn B k=16 1960ms items=30 browser=1 tokens=0
2026-09-22T23:11:06.916Z hn A k=16 22815ms items=30 browser=0 tokens=994
2026-09-22T23:11:36.722Z hn A k=17 28798ms items=30 browser=0 tokens=1022
2026-09-22T23:11:40.200Z hn B k=17 2452ms items=30 browser=1 tokens=0
2026-09-22T23:11:43.260Z hn B k=18 2057ms items=30 browser=1 tokens=0
2026-09-22T23:12:06.769Z hn A k=18 22452ms items=30 browser=0 tokens=1022
2026-09-22T23:12:36.994Z hn A k=19 29221ms items=30 browser=0 tokens=1022
2026-09-22T23:12:41.401Z hn B k=19 3368ms items=30 browser=1 tokens=0
2026-09-22T23:12:44.634Z hn B k=20 2228ms items=30 browser=1 tokens=0
2026-09-22T23:13:07.039Z hn A k=20 21364ms items=30 browser=0 tokens=1022
2026-09-22T23:14:18.708Z remoteok learn 70660ms (10 candidates)
2026-09-22T23:14:31.962Z remoteok teach 13252ms recipe=http-html
2026-09-22T23:14:32.757Z remoteok A k=1 784ms items=50 browser=0 tokens=1626
2026-09-22T23:14:37.579Z remoteok B k=1 3785ms items=50 browser=1 tokens=0
2026-09-22T23:14:42.140Z remoteok B k=2 3558ms items=50 browser=1 tokens=0
2026-09-22T23:14:43.844Z remoteok A k=2 652ms items=50 browser=0 tokens=1626
2026-09-22T23:14:45.329Z remoteok A k=3 450ms items=50 browser=0 tokens=1626
2026-09-22T23:14:50.110Z remoteok B k=3 3750ms items=50 browser=1 tokens=0
2026-09-22T23:14:54.755Z remoteok B k=4 3641ms items=50 browser=1 tokens=0
2026-09-22T23:14:56.771Z remoteok A k=4 891ms items=50 browser=0 tokens=1626
2026-09-22T23:14:58.229Z remoteok A k=5 445ms items=50 browser=0 tokens=1626
2026-09-22T23:15:03.607Z remoteok B k=5 4326ms items=50 browser=1 tokens=0
2026-09-22T23:15:10.257Z remoteok B k=6 5639ms items=50 browser=1 tokens=0
2026-09-22T23:15:12.623Z remoteok A k=6 1312ms items=50 browser=0 tokens=1626
2026-09-22T23:15:14.424Z remoteok A k=7 791ms items=50 browser=0 tokens=1626
2026-09-22T23:15:19.701Z remoteok B k=7 4098ms items=50 browser=1 tokens=0
2026-09-22T23:15:24.618Z remoteok B k=8 3911ms items=50 browser=1 tokens=0
2026-09-22T23:15:26.465Z remoteok A k=8 807ms items=50 browser=0 tokens=1626
2026-09-22T23:15:28.115Z remoteok A k=9 636ms items=50 browser=0 tokens=1626
2026-09-22T23:15:32.824Z remoteok B k=9 3677ms items=50 browser=1 tokens=0
2026-09-22T23:15:37.604Z remoteok B k=10 3777ms items=50 browser=1 tokens=0
2026-09-22T23:15:39.559Z remoteok A k=10 883ms items=50 browser=0 tokens=1626
2026-09-22T23:15:41.053Z remoteok A k=11 487ms items=50 browser=0 tokens=1626
2026-09-22T23:15:45.981Z remoteok B k=11 3885ms items=50 browser=1 tokens=0
2026-09-22T23:15:50.735Z remoteok B k=12 3751ms items=50 browser=1 tokens=0
2026-09-22T23:15:52.481Z remoteok A k=12 701ms items=50 browser=0 tokens=1626
2026-09-22T23:15:54.044Z remoteok A k=13 553ms items=50 browser=0 tokens=1626
2026-09-22T23:15:59.831Z remoteok B k=13 4738ms items=50 browser=1 tokens=0
2026-09-22T23:16:05.179Z remoteok B k=14 4337ms items=50 browser=1 tokens=0
2026-09-22T23:16:06.976Z remoteok A k=14 761ms items=50 browser=0 tokens=1626
2026-09-22T23:16:08.543Z remoteok A k=15 559ms items=50 browser=0 tokens=1626
2026-09-22T23:16:13.824Z remoteok B k=15 4192ms items=50 browser=1 tokens=0
2026-09-22T23:16:18.475Z remoteok B k=16 3647ms items=50 browser=1 tokens=0
2026-09-22T23:16:20.245Z remoteok A k=16 708ms items=50 browser=0 tokens=1626
2026-09-22T23:16:21.792Z remoteok A k=17 539ms items=50 browser=0 tokens=1626
2026-09-22T23:16:26.573Z remoteok B k=17 3734ms items=50 browser=1 tokens=0
2026-09-22T23:16:31.402Z remoteok B k=18 3821ms items=50 browser=1 tokens=0
2026-09-22T23:16:33.075Z remoteok A k=18 593ms items=50 browser=0 tokens=1626
2026-09-22T23:16:34.515Z remoteok A k=19 435ms items=50 browser=0 tokens=1626
2026-09-22T23:16:39.258Z remoteok B k=19 3663ms items=50 browser=1 tokens=0
2026-09-22T23:16:44.373Z remoteok B k=20 4112ms items=50 browser=1 tokens=0
2026-09-22T23:16:46.252Z remoteok A k=20 830ms items=50 browser=0 tokens=1626
2026-09-22T23:17:08.134Z steam learn 20880ms (10 candidates)
2026-09-22T23:17:11.702Z steam teach 3566ms recipe=http-html
2026-09-22T23:17:12.323Z steam A k=1 588ms items=1 browser=0 tokens=13
2026-09-22T23:17:16.494Z steam B k=1 3128ms items=1 browser=1 tokens=0
2026-09-22T23:17:21.036Z steam B k=2 3539ms items=1 browser=1 tokens=0
2026-09-22T23:17:22.549Z steam A k=2 466ms items=1 browser=0 tokens=13
2026-09-22T23:17:23.728Z steam A k=3 167ms items=1 browser=0 tokens=13
2026-09-22T23:17:28.323Z steam B k=3 3543ms items=1 browser=1 tokens=0
2026-09-22T23:17:32.649Z steam B k=4 3324ms items=1 browser=1 tokens=0
2026-09-22T23:17:34.304Z steam A k=4 607ms items=1 browser=0 tokens=13
2026-09-22T23:17:35.608Z steam A k=5 287ms items=1 browser=0 tokens=13
2026-09-22T23:17:40.311Z steam B k=5 3600ms items=1 browser=1 tokens=0
2026-09-22T23:17:44.661Z steam B k=6 3346ms items=1 browser=1 tokens=0
2026-09-22T23:17:46.157Z steam A k=6 427ms items=1 browser=0 tokens=13
2026-09-22T23:17:47.390Z steam A k=7 213ms items=1 browser=0 tokens=13
2026-09-22T23:17:51.632Z steam B k=7 3207ms items=1 browser=1 tokens=0
2026-09-22T23:17:55.771Z steam B k=8 3133ms items=1 browser=1 tokens=0
2026-09-22T23:17:57.373Z steam A k=8 560ms items=1 browser=0 tokens=13
2026-09-22T23:17:58.678Z steam A k=9 280ms items=1 browser=0 tokens=13
2026-09-22T23:18:03.090Z steam B k=9 3365ms items=1 browser=1 tokens=0
2026-09-22T23:18:07.305Z steam B k=10 3212ms items=1 browser=1 tokens=0
2026-09-22T23:18:08.675Z steam A k=10 335ms items=1 browser=0 tokens=13
2026-09-22T23:18:10.007Z steam A k=11 323ms items=1 browser=0 tokens=13
2026-09-22T23:18:14.054Z steam B k=11 3010ms items=1 browser=1 tokens=0
2026-09-22T23:18:17.938Z steam B k=12 2881ms items=1 browser=1 tokens=0
2026-09-22T23:18:19.418Z steam A k=12 438ms items=1 browser=0 tokens=13
2026-09-22T23:18:20.674Z steam A k=13 248ms items=1 browser=0 tokens=13
2026-09-22T23:18:24.935Z steam B k=13 3212ms items=1 browser=1 tokens=0
2026-09-22T23:18:28.839Z steam B k=14 2900ms items=1 browser=1 tokens=0
2026-09-22T23:18:30.457Z steam A k=14 441ms items=1 browser=0 tokens=13
2026-09-22T23:18:31.696Z steam A k=15 229ms items=1 browser=0 tokens=13
2026-09-22T23:18:35.961Z steam B k=15 3217ms items=1 browser=1 tokens=0
2026-09-22T23:18:40.031Z steam B k=16 3067ms items=1 browser=1 tokens=0
2026-09-22T23:18:41.442Z steam A k=16 370ms items=1 browser=0 tokens=13
2026-09-22T23:18:42.870Z steam A k=17 423ms items=1 browser=0 tokens=13
2026-09-22T23:18:46.929Z steam B k=17 3021ms items=1 browser=1 tokens=0
2026-09-22T23:18:50.932Z steam B k=18 3000ms items=1 browser=1 tokens=0
2026-09-22T23:18:52.599Z steam A k=18 614ms items=1 browser=0 tokens=13
2026-09-22T23:18:53.948Z steam A k=19 340ms items=1 browser=0 tokens=13
2026-09-22T23:18:58.998Z steam B k=19 4012ms items=1 browser=1 tokens=0
2026-09-22T23:19:03.234Z steam B k=20 3233ms items=1 browser=1 tokens=0
2026-09-22T23:19:04.767Z steam A k=20 491ms items=1 browser=0 tokens=13
/Users/pillsoonpark/dev/fast-web-agent/benchmark/results/amortization-2026-09-22c/REPORT.md
exit 0
